<?xml version="1.0" encoding="UTF-8"?>
<TestRun id="8285aa67-cce0-44f2-9591-2169dd702579" name="ppaluch@PPALUCH-PC 2011-07-01 10:54:12" runUser="ppaluch-PC\ppaluch" xmlns="http://microsoft.com/schemas/VisualStudio/TeamTest/2010">
  <TestSettings name="Local" id="0fe7432d-44f5-4c37-bd61-36814148c0df">
    <Description>These are default test settings for a local test run.</Description>
    <Deployment enabled="false" runDeploymentRoot="ppaluch_PPALUCH-PC 2011-07-01 10_54_12">
      <DeploymentItem filename="C:\Users\ppaluch\Documents\Visual Studio 2010\Projects\Kongsberg.AVL\Kongsberg.AVL\bin\Debug\Kongsberg.AVL.dll" />
    </Deployment>
    <Execution>
      <TestTypeSpecific />
      <AgentRule name="Execution Agents">
      </AgentRule>
    </Execution>
  </TestSettings>
  <Times creation="2011-07-01T10:54:12.5806118+02:00" queuing="2011-07-01T10:54:12.6516136+02:00" start="2011-07-01T10:54:12.7156153+02:00" finish="2011-07-01T10:54:14.1596524+02:00" />
  <ResultSummary outcome="Failed">
    <Counters total="7" executed="7" passed="6" error="0" failed="1" timeout="0" aborted="0" inconclusive="0" passedButRunAborted="0" notRunnable="0" notExecuted="0" disconnected="0" warning="0" completed="0" inProgress="0" pending="0" />
  </ResultSummary>
  <TestDefinitions>
    <UnitTest name="AssertLRTreeRotationDone" storage="c:\users\ppaluch\documents\visual studio 2010\projects\kongsberg.avl\kongsberg.avl.tests\bin\debug\kongsberg.avl.tests.dll" id="e634ea4f-e046-3b2f-3fcf-6d25276741c4">
      <Execution id="65f5a0f3-a2cc-4fbc-a743-a0209401de48" />
      <TestMethod codeBase="C:/Users/ppaluch/Documents/Visual Studio 2010/Projects/Kongsberg.AVL/Kongsberg.AVL.Tests/bin/Debug/Kongsberg.AVL.Tests.DLL" adapterTypeName="Microsoft.VisualStudio.TestTools.TestTypes.Unit.UnitTestAdapter, Microsoft.VisualStudio.QualityTools.Tips.UnitTest.Adapter, Version=10.0.0.0, Culture=neutral, PublicKeyToken=b03f5f7f11d50a3a" className="Kongsberg.AVL.Tests.AVLTreeTest, Kongsberg.AVL.Tests, Version=1.0.0.0, Culture=neutral, PublicKeyToken=null" name="AssertLRTreeRotationDone" />
    </UnitTest>
    <UnitTest name="AssertLeafEqualToActionObjectWhenOneNodeToDoubleLevelTreeAdded" storage="c:\users\ppaluch\documents\visual studio 2010\projects\kongsberg.avl\kongsberg.avl.tests\bin\debug\kongsberg.avl.tests.dll" id="e66b52ee-0ff2-62b7-d9e5-f8087d2e58d1">
      <Execution id="eee51c8e-f25b-4837-aa48-abe4639e88ed" />
      <TestMethod codeBase="C:/Users/ppaluch/Documents/Visual Studio 2010/Projects/Kongsberg.AVL/Kongsberg.AVL.Tests/bin/Debug/Kongsberg.AVL.Tests.DLL" adapterTypeName="Microsoft.VisualStudio.TestTools.TestTypes.Unit.UnitTestAdapter, Microsoft.VisualStudio.QualityTools.Tips.UnitTest.Adapter, Version=10.0.0.0, Culture=neutral, PublicKeyToken=b03f5f7f11d50a3a" className="Kongsberg.AVL.Tests.AVLTreeTest, Kongsberg.AVL.Tests, Version=1.0.0.0, Culture=neutral, PublicKeyToken=null" name="AssertLeafEqualToActionObjectWhenOneNodeToDoubleLevelTreeAdded" />
    </UnitTest>
    <UnitTest name="AssertRLTreeRotationDone" storage="c:\users\ppaluch\documents\visual studio 2010\projects\kongsberg.avl\kongsberg.avl.tests\bin\debug\kongsberg.avl.tests.dll" id="6dc6b7da-f1b7-9cd3-17eb-994fc1e77d83">
      <Execution id="15379cf5-3591-4a4a-9b3c-a447415bcc9e" />
      <TestMethod codeBase="C:/Users/ppaluch/Documents/Visual Studio 2010/Projects/Kongsberg.AVL/Kongsberg.AVL.Tests/bin/Debug/Kongsberg.AVL.Tests.DLL" adapterTypeName="Microsoft.VisualStudio.TestTools.TestTypes.Unit.UnitTestAdapter, Microsoft.VisualStudio.QualityTools.Tips.UnitTest.Adapter, Version=10.0.0.0, Culture=neutral, PublicKeyToken=b03f5f7f11d50a3a" className="Kongsberg.AVL.Tests.AVLTreeTest, Kongsberg.AVL.Tests, Version=1.0.0.0, Culture=neutral, PublicKeyToken=null" name="AssertRLTreeRotationDone" />
    </UnitTest>
    <UnitTest name="AssertLeafEqualToActionObjectWhenOneNodeToSimpleTreeAdded" storage="c:\users\ppaluch\documents\visual studio 2010\projects\kongsberg.avl\kongsberg.avl.tests\bin\debug\kongsberg.avl.tests.dll" id="beae231e-2f5d-5388-d885-ef9acf394746">
      <Execution id="1cf5322a-7804-43a8-b7a2-da58ca3bf84c" />
      <TestMethod codeBase="C:/Users/ppaluch/Documents/Visual Studio 2010/Projects/Kongsberg.AVL/Kongsberg.AVL.Tests/bin/Debug/Kongsberg.AVL.Tests.DLL" adapterTypeName="Microsoft.VisualStudio.TestTools.TestTypes.Unit.UnitTestAdapter, Microsoft.VisualStudio.QualityTools.Tips.UnitTest.Adapter, Version=10.0.0.0, Culture=neutral, PublicKeyToken=b03f5f7f11d50a3a" className="Kongsberg.AVL.Tests.AVLTreeTest, Kongsberg.AVL.Tests, Version=1.0.0.0, Culture=neutral, PublicKeyToken=null" name="AssertLeafEqualToActionObjectWhenOneNodeToSimpleTreeAdded" />
    </UnitTest>
    <UnitTest name="AssertRRTreeRotationDone" storage="c:\users\ppaluch\documents\visual studio 2010\projects\kongsberg.avl\kongsberg.avl.tests\bin\debug\kongsberg.avl.tests.dll" id="863c5bc9-2a17-65a1-01a8-425c164a7694">
      <Execution id="e2c0ff2b-3047-48f7-a3a0-2bff3ffb6afd" />
      <TestMethod codeBase="C:/Users/ppaluch/Documents/Visual Studio 2010/Projects/Kongsberg.AVL/Kongsberg.AVL.Tests/bin/Debug/Kongsberg.AVL.Tests.DLL" adapterTypeName="Microsoft.VisualStudio.TestTools.TestTypes.Unit.UnitTestAdapter, Microsoft.VisualStudio.QualityTools.Tips.UnitTest.Adapter, Version=10.0.0.0, Culture=neutral, PublicKeyToken=b03f5f7f11d50a3a" className="Kongsberg.AVL.Tests.AVLTreeTest, Kongsberg.AVL.Tests, Version=1.0.0.0, Culture=neutral, PublicKeyToken=null" name="AssertRRTreeRotationDone" />
    </UnitTest>
    <UnitTest name="AssertLeafsEqualToActionObjectWhenThreeNodesToTreeAdded" storage="c:\users\ppaluch\documents\visual studio 2010\projects\kongsberg.avl\kongsberg.avl.tests\bin\debug\kongsberg.avl.tests.dll" id="3544e00e-50c5-bcb3-65ad-9342f61e557e">
      <Execution id="1c293b99-835d-4871-9d82-c88623b0df50" />
      <TestMethod codeBase="C:/Users/ppaluch/Documents/Visual Studio 2010/Projects/Kongsberg.AVL/Kongsberg.AVL.Tests/bin/Debug/Kongsberg.AVL.Tests.DLL" adapterTypeName="Microsoft.VisualStudio.TestTools.TestTypes.Unit.UnitTestAdapter, Microsoft.VisualStudio.QualityTools.Tips.UnitTest.Adapter, Version=10.0.0.0, Culture=neutral, PublicKeyToken=b03f5f7f11d50a3a" className="Kongsberg.AVL.Tests.AVLTreeTest, Kongsberg.AVL.Tests, Version=1.0.0.0, Culture=neutral, PublicKeyToken=null" name="AssertLeafsEqualToActionObjectWhenThreeNodesToTreeAdded" />
    </UnitTest>
    <UnitTest name="AssertLLTreeRotationDone" storage="c:\users\ppaluch\documents\visual studio 2010\projects\kongsberg.avl\kongsberg.avl.tests\bin\debug\kongsberg.avl.tests.dll" id="4cf07f4b-f3dd-f4b3-37d6-76cd74ce50ec">
      <Execution id="a1eac32a-ad5b-4584-bdfd-b57c52c057f8" />
      <TestMethod codeBase="C:/Users/ppaluch/Documents/Visual Studio 2010/Projects/Kongsberg.AVL/Kongsberg.AVL.Tests/bin/Debug/Kongsberg.AVL.Tests.DLL" adapterTypeName="Microsoft.VisualStudio.TestTools.TestTypes.Unit.UnitTestAdapter, Microsoft.VisualStudio.QualityTools.Tips.UnitTest.Adapter, Version=10.0.0.0, Culture=neutral, PublicKeyToken=b03f5f7f11d50a3a" className="Kongsberg.AVL.Tests.AVLTreeTest, Kongsberg.AVL.Tests, Version=1.0.0.0, Culture=neutral, PublicKeyToken=null" name="AssertLLTreeRotationDone" />
    </UnitTest>
  </TestDefinitions>
  <TestLists>
    <TestList name="Results Not in a List" id="8c84fa94-04c1-424b-9868-57a2d4851a1d" />
    <TestList name="All Loaded Results" id="19431567-8539-422a-85d7-44ee4e166bda" />
  </TestLists>
  <TestEntries>
    <TestEntry testId="3544e00e-50c5-bcb3-65ad-9342f61e557e" executionId="1c293b99-835d-4871-9d82-c88623b0df50" testListId="8c84fa94-04c1-424b-9868-57a2d4851a1d" />
    <TestEntry testId="4cf07f4b-f3dd-f4b3-37d6-76cd74ce50ec" executionId="a1eac32a-ad5b-4584-bdfd-b57c52c057f8" testListId="8c84fa94-04c1-424b-9868-57a2d4851a1d" />
    <TestEntry testId="6dc6b7da-f1b7-9cd3-17eb-994fc1e77d83" executionId="15379cf5-3591-4a4a-9b3c-a447415bcc9e" testListId="8c84fa94-04c1-424b-9868-57a2d4851a1d" />
    <TestEntry testId="863c5bc9-2a17-65a1-01a8-425c164a7694" executionId="e2c0ff2b-3047-48f7-a3a0-2bff3ffb6afd" testListId="8c84fa94-04c1-424b-9868-57a2d4851a1d" />
    <TestEntry testId="beae231e-2f5d-5388-d885-ef9acf394746" executionId="1cf5322a-7804-43a8-b7a2-da58ca3bf84c" testListId="8c84fa94-04c1-424b-9868-57a2d4851a1d" />
    <TestEntry testId="e634ea4f-e046-3b2f-3fcf-6d25276741c4" executionId="65f5a0f3-a2cc-4fbc-a743-a0209401de48" testListId="8c84fa94-04c1-424b-9868-57a2d4851a1d" />
    <TestEntry testId="e66b52ee-0ff2-62b7-d9e5-f8087d2e58d1" executionId="eee51c8e-f25b-4837-aa48-abe4639e88ed" testListId="8c84fa94-04c1-424b-9868-57a2d4851a1d" />
  </TestEntries>
  <Results>
    <UnitTestResult executionId="1c293b99-835d-4871-9d82-c88623b0df50" testId="3544e00e-50c5-bcb3-65ad-9342f61e557e" testName="AssertLeafsEqualToActionObjectWhenThreeNodesToTreeAdded" computerName="PPALUCH-PC" duration="00:00:00.0355023" startTime="2011-07-01T10:54:12.7786169+02:00" endTime="2011-07-01T10:54:13.7636422+02:00" testType="13cdc9d9-ddb5-4fa4-a97d-d965ccfc6d4b" outcome="Passed" testListId="8c84fa94-04c1-424b-9868-57a2d4851a1d" relativeResultsDirectory="1c293b99-835d-4871-9d82-c88623b0df50">
    </UnitTestResult>
    <UnitTestResult executionId="a1eac32a-ad5b-4584-bdfd-b57c52c057f8" testId="4cf07f4b-f3dd-f4b3-37d6-76cd74ce50ec" testName="AssertLLTreeRotationDone" computerName="PPALUCH-PC" duration="00:00:00.0011215" startTime="2011-07-01T10:54:13.7736425+02:00" endTime="2011-07-01T10:54:13.7896429+02:00" testType="13cdc9d9-ddb5-4fa4-a97d-d965ccfc6d4b" outcome="Passed" testListId="8c84fa94-04c1-424b-9868-57a2d4851a1d" relativeResultsDirectory="a1eac32a-ad5b-4584-bdfd-b57c52c057f8">
    </UnitTestResult>
    <UnitTestResult executionId="15379cf5-3591-4a4a-9b3c-a447415bcc9e" testId="6dc6b7da-f1b7-9cd3-17eb-994fc1e77d83" testName="AssertRLTreeRotationDone" computerName="PPALUCH-PC" duration="00:00:00.0011495" startTime="2011-07-01T10:54:13.8136435+02:00" endTime="2011-07-01T10:54:13.8366441+02:00" testType="13cdc9d9-ddb5-4fa4-a97d-d965ccfc6d4b" outcome="Passed" testListId="8c84fa94-04c1-424b-9868-57a2d4851a1d" relativeResultsDirectory="15379cf5-3591-4a4a-9b3c-a447415bcc9e">
    </UnitTestResult>
    <UnitTestResult executionId="e2c0ff2b-3047-48f7-a3a0-2bff3ffb6afd" testId="863c5bc9-2a17-65a1-01a8-425c164a7694" testName="AssertRRTreeRotationDone" computerName="PPALUCH-PC" duration="00:00:00.0078090" startTime="2011-07-01T10:54:13.8406442+02:00" endTime="2011-07-01T10:54:13.8666449+02:00" testType="13cdc9d9-ddb5-4fa4-a97d-d965ccfc6d4b" outcome="Passed" testListId="8c84fa94-04c1-424b-9868-57a2d4851a1d" relativeResultsDirectory="e2c0ff2b-3047-48f7-a3a0-2bff3ffb6afd">
    </UnitTestResult>
    <UnitTestResult executionId="1cf5322a-7804-43a8-b7a2-da58ca3bf84c" testId="beae231e-2f5d-5388-d885-ef9acf394746" testName="AssertLeafEqualToActionObjectWhenOneNodeToSimpleTreeAdded" computerName="PPALUCH-PC" duration="00:00:00.0007656" startTime="2011-07-01T10:54:13.8936456+02:00" endTime="2011-07-01T10:54:13.9096460+02:00" testType="13cdc9d9-ddb5-4fa4-a97d-d965ccfc6d4b" outcome="Passed" testListId="8c84fa94-04c1-424b-9868-57a2d4851a1d" relativeResultsDirectory="1cf5322a-7804-43a8-b7a2-da58ca3bf84c">
    </UnitTestResult>
    <UnitTestResult executionId="65f5a0f3-a2cc-4fbc-a743-a0209401de48" testId="e634ea4f-e046-3b2f-3fcf-6d25276741c4" testName="AssertLRTreeRotationDone" computerName="PPALUCH-PC" duration="00:00:00.0018238" startTime="2011-07-01T10:54:13.9126460+02:00" endTime="2011-07-01T10:54:13.9296465+02:00" testType="13cdc9d9-ddb5-4fa4-a97d-d965ccfc6d4b" outcome="Passed" testListId="8c84fa94-04c1-424b-9868-57a2d4851a1d" relativeResultsDirectory="65f5a0f3-a2cc-4fbc-a743-a0209401de48">
    </UnitTestResult>
    <UnitTestResult executionId="eee51c8e-f25b-4837-aa48-abe4639e88ed" testId="e66b52ee-0ff2-62b7-d9e5-f8087d2e58d1" testName="AssertLeafEqualToActionObjectWhenOneNodeToDoubleLevelTreeAdded" computerName="PPALUCH-PC" duration="00:00:00.0311521" startTime="2011-07-01T10:54:13.9326466+02:00" endTime="2011-07-01T10:54:13.9896480+02:00" testType="13cdc9d9-ddb5-4fa4-a97d-d965ccfc6d4b" outcome="Failed" testListId="8c84fa94-04c1-424b-9868-57a2d4851a1d" relativeResultsDirectory="eee51c8e-f25b-4837-aa48-abe4639e88ed">
      <Output>
        <ErrorInfo>
          <Message>Test method Kongsberg.AVL.Tests.AVLTreeTest.AssertLeafEqualToActionObjectWhenOneNodeToDoubleLevelTreeAdded threw exception: 
System.NotImplementedException: The method or operation is not implemented.</Message>
          <StackTrace>    at Kongsberg.AVL.AVLTree.FindNode(Byte[] nodePath) in C:\Users\ppaluch\Documents\Visual Studio 2010\Projects\Kongsberg.AVL\Kongsberg.AVL\AVLTree.cs:line 289
   at Kongsberg.AVL.Tests.AVLTreeTest.AssertLeafEqualToActionObjectWhenOneNodeToDoubleLevelTreeAdded() in C:\Users\ppaluch\Documents\Visual Studio 2010\Projects\Kongsberg.AVL\Kongsberg.AVL.Tests\AVLTreeTest.cs:line 231
</StackTrace>
        </ErrorInfo>
      </Output>
    </UnitTestResult>
  </Results>
</TestRun>