<?xml version="1.0" encoding="UTF-8"?>
<TestRun id="063c113b-292a-4c47-9ed1-ee17eae5eef2" name="ppaluch@PPALUCH-PC 2011-07-01 09:19:34" runUser="ppaluch-PC\ppaluch" xmlns="http://microsoft.com/schemas/VisualStudio/TeamTest/2010">
  <TestSettings name="Local" id="0fe7432d-44f5-4c37-bd61-36814148c0df">
    <Description>These are default test settings for a local test run.</Description>
    <Deployment enabled="false" runDeploymentRoot="ppaluch_PPALUCH-PC 2011-07-01 09_19_34">
      <DeploymentItem filename="C:\Users\ppaluch\Documents\Visual Studio 2010\Projects\Kongsberg.AVL\Kongsberg.AVL\bin\Debug\Kongsberg.AVL.dll" />
    </Deployment>
    <Execution>
      <TestTypeSpecific />
      <AgentRule name="Execution Agents">
      </AgentRule>
    </Execution>
  </TestSettings>
  <Times creation="2011-07-01T09:19:34.2666829+02:00" queuing="2011-07-01T09:19:43.7369263+02:00" start="2011-07-01T09:19:44.3349416+02:00" finish="2011-07-01T09:19:49.2490679+02:00" />
  <ResultSummary outcome="Failed">
    <Counters total="3" executed="3" passed="2" error="0" failed="1" timeout="0" aborted="0" inconclusive="0" passedButRunAborted="0" notRunnable="0" notExecuted="0" disconnected="0" warning="0" completed="0" inProgress="0" pending="0" />
  </ResultSummary>
  <TestDefinitions>
    <UnitTest name="AssertLeafEqualToActionObjectWhenOneNodeToSimpleTreeAdded" storage="c:\users\ppaluch\documents\visual studio 2010\projects\kongsberg.avl\kongsberg.avl.tests\bin\debug\kongsberg.avl.tests.dll" id="beae231e-2f5d-5388-d885-ef9acf394746">
      <Execution id="b460c9e2-8fb7-4f37-8077-4adb2129838a" />
      <TestMethod codeBase="C:/Users/ppaluch/Documents/Visual Studio 2010/Projects/Kongsberg.AVL/Kongsberg.AVL.Tests/bin/Debug/Kongsberg.AVL.Tests.DLL" adapterTypeName="Microsoft.VisualStudio.TestTools.TestTypes.Unit.UnitTestAdapter, Microsoft.VisualStudio.QualityTools.Tips.UnitTest.Adapter, Version=10.0.0.0, Culture=neutral, PublicKeyToken=b03f5f7f11d50a3a" className="Kongsberg.AVL.Tests.AVLTreeTest, Kongsberg.AVL.Tests, Version=1.0.0.0, Culture=neutral, PublicKeyToken=null" name="AssertLeafEqualToActionObjectWhenOneNodeToSimpleTreeAdded" />
    </UnitTest>
    <UnitTest name="AssertBalanceFactorWhenSixNodesToTreeAdded" storage="c:\users\ppaluch\documents\visual studio 2010\projects\kongsberg.avl\kongsberg.avl.tests\bin\debug\kongsberg.avl.tests.dll" id="11622b10-6ac4-987e-ebe5-962c711f6881">
      <Execution id="96d7cc16-7ab0-4923-96e5-b70aeb5dd18d" />
      <TestMethod codeBase="C:/Users/ppaluch/Documents/Visual Studio 2010/Projects/Kongsberg.AVL/Kongsberg.AVL.Tests/bin/Debug/Kongsberg.AVL.Tests.DLL" adapterTypeName="Microsoft.VisualStudio.TestTools.TestTypes.Unit.UnitTestAdapter, Microsoft.VisualStudio.QualityTools.Tips.UnitTest.Adapter, Version=10.0.0.0, Culture=neutral, PublicKeyToken=b03f5f7f11d50a3a" className="Kongsberg.AVL.Tests.AVLTreeTest, Kongsberg.AVL.Tests, Version=1.0.0.0, Culture=neutral, PublicKeyToken=null" name="AssertBalanceFactorWhenSixNodesToTreeAdded" />
    </UnitTest>
    <UnitTest name="AssertLeafsEqualToActionObjectWhenThreeNodesToTreeAdded" storage="c:\users\ppaluch\documents\visual studio 2010\projects\kongsberg.avl\kongsberg.avl.tests\bin\debug\kongsberg.avl.tests.dll" id="3544e00e-50c5-bcb3-65ad-9342f61e557e">
      <Execution id="27166811-8e0a-46bc-a079-c49b6635163d" />
      <TestMethod codeBase="C:/Users/ppaluch/Documents/Visual Studio 2010/Projects/Kongsberg.AVL/Kongsberg.AVL.Tests/bin/Debug/Kongsberg.AVL.Tests.DLL" adapterTypeName="Microsoft.VisualStudio.TestTools.TestTypes.Unit.UnitTestAdapter, Microsoft.VisualStudio.QualityTools.Tips.UnitTest.Adapter, Version=10.0.0.0, Culture=neutral, PublicKeyToken=b03f5f7f11d50a3a" className="Kongsberg.AVL.Tests.AVLTreeTest, Kongsberg.AVL.Tests, Version=1.0.0.0, Culture=neutral, PublicKeyToken=null" name="AssertLeafsEqualToActionObjectWhenThreeNodesToTreeAdded" />
    </UnitTest>
  </TestDefinitions>
  <TestLists>
    <TestList name="Results Not in a List" id="8c84fa94-04c1-424b-9868-57a2d4851a1d" />
    <TestList name="All Loaded Results" id="19431567-8539-422a-85d7-44ee4e166bda" />
  </TestLists>
  <TestEntries>
    <TestEntry testId="11622b10-6ac4-987e-ebe5-962c711f6881" executionId="96d7cc16-7ab0-4923-96e5-b70aeb5dd18d" testListId="8c84fa94-04c1-424b-9868-57a2d4851a1d" />
    <TestEntry testId="3544e00e-50c5-bcb3-65ad-9342f61e557e" executionId="27166811-8e0a-46bc-a079-c49b6635163d" testListId="8c84fa94-04c1-424b-9868-57a2d4851a1d" />
    <TestEntry testId="beae231e-2f5d-5388-d885-ef9acf394746" executionId="b460c9e2-8fb7-4f37-8077-4adb2129838a" testListId="8c84fa94-04c1-424b-9868-57a2d4851a1d" />
  </TestEntries>
  <Results>
    <UnitTestResult executionId="96d7cc16-7ab0-4923-96e5-b70aeb5dd18d" testId="11622b10-6ac4-987e-ebe5-962c711f6881" testName="AssertBalanceFactorWhenSixNodesToTreeAdded" computerName="PPALUCH-PC" duration="00:00:00.5189904" startTime="2011-07-01T09:19:44.7849532+02:00" endTime="2011-07-01T09:19:48.4680479+02:00" testType="13cdc9d9-ddb5-4fa4-a97d-d965ccfc6d4b" outcome="Failed" testListId="8c84fa94-04c1-424b-9868-57a2d4851a1d" relativeResultsDirectory="96d7cc16-7ab0-4923-96e5-b70aeb5dd18d">
      <Output>
        <ErrorInfo>
          <Message>Test method Kongsberg.AVL.Tests.AVLTreeTest.AssertBalanceFactorWhenSixNodesToTreeAdded threw exception: 
System.NullReferenceException: Object reference not set to an instance of an object.</Message>
          <StackTrace>    at Kongsberg.AVL.Tests.AVLTreeTest.AssertBalanceFactorWhenSixNodesToTreeAdded() in c:\users\ppaluch\documents\visual studio 2010\Projects\Kongsberg.AVL\Kongsberg.AVL.Tests\AVLTreeTest.cs:line 169
</StackTrace>
        </ErrorInfo>
      </Output>
    </UnitTestResult>
    <UnitTestResult executionId="27166811-8e0a-46bc-a079-c49b6635163d" testId="3544e00e-50c5-bcb3-65ad-9342f61e557e" testName="AssertLeafsEqualToActionObjectWhenThreeNodesToTreeAdded" computerName="PPALUCH-PC" duration="00:00:00.0188860" startTime="2011-07-01T09:19:48.5240493+02:00" endTime="2011-07-01T09:19:48.5680504+02:00" testType="13cdc9d9-ddb5-4fa4-a97d-d965ccfc6d4b" outcome="Passed" testListId="8c84fa94-04c1-424b-9868-57a2d4851a1d" relativeResultsDirectory="27166811-8e0a-46bc-a079-c49b6635163d">
    </UnitTestResult>
    <UnitTestResult executionId="b460c9e2-8fb7-4f37-8077-4adb2129838a" testId="beae231e-2f5d-5388-d885-ef9acf394746" testName="AssertLeafEqualToActionObjectWhenOneNodeToSimpleTreeAdded" computerName="PPALUCH-PC" duration="00:00:00.0089733" startTime="2011-07-01T09:19:48.5880509+02:00" endTime="2011-07-01T09:19:48.6190517+02:00" testType="13cdc9d9-ddb5-4fa4-a97d-d965ccfc6d4b" outcome="Passed" testListId="8c84fa94-04c1-424b-9868-57a2d4851a1d" relativeResultsDirectory="b460c9e2-8fb7-4f37-8077-4adb2129838a">
    </UnitTestResult>
  </Results>
</TestRun>